#
# There is insufficient memory for the Java Runtime Environment to continue.
# Native memory allocation (mmap) failed to map 532676608 bytes. Error detail: G1 virtual space
# Possible reasons:
#   The system is out of physical RAM or swap space
#   This process is running with CompressedOops enabled, and the Java Heap may be blocking the growth of the native heap
# Possible solutions:
#   Reduce memory load on the system
#   Increase physical memory or swap space
#   Check if swap backing store is full
#   Decrease Java heap size (-Xmx/-Xms)
#   Decrease number of Java threads
#   Decrease Java thread stack sizes (-Xss)
#   Set larger code cache with -XX:ReservedCodeCacheSize=
#   JVM is running with Zero Based Compressed Oops mode in which the Java heap is
#     placed in the first 32GB address space. The Java Heap base address is the
#     maximum limit for the native heap growth. Please use -XX:HeapBaseMinAddress
#     to set the Java Heap base and to place the Java Heap above 32GB virtual address.
# This output file may be truncated or incomplete.
#
#  Out of Memory Error (os_windows.cpp:3618), pid=19632, tid=3596
#
# JRE version:  (17.0.17+10) (build )
# Java VM: OpenJDK 64-Bit Server VM (17.0.17+10, mixed mode, sharing, tiered, compressed oops, compressed class ptrs, g1 gc, windows-amd64)
# No core dump will be written. Minidumps are not enabled by default on client versions of Windows
#

---------------  S U M M A R Y ------------

Command Line: --enable-native-access=ALL-UNNAMED 

Host: 13th Gen Intel(R) Core(TM) i7-1355U, 12 cores, 31G,  Windows 11 , 64 bit Build 26100 (10.0.26100.7309)
Time: Fri Apr 17 11:06:59 2026 Afr. centrale Ouest elapsed time: 2.049578 seconds (0d 0h 0m 2s)

---------------  T H R E A D  ---------------

Current thread (0x000001b2587de9b0):  JavaThread "Unknown thread" [_thread_in_vm, id=3596, stack(0x00000069a8400000,0x00000069a8500000)]

Stack: [0x00000069a8400000,0x00000069a8500000]
Native frames: (J=compiled Java code, j=interpreted, Vv=VM code, C=native code)
V  [jvm.dll+0x683fb9]
V  [jvm.dll+0x83a1b5]
V  [jvm.dll+0x83bc2e]
V  [jvm.dll+0x83c2b3]
V  [jvm.dll+0x248eff]
V  [jvm.dll+0x680d79]
V  [jvm.dll+0x675b7a]
V  [jvm.dll+0x3091a7]
V  [jvm.dll+0x310776]
V  [jvm.dll+0x360bbe]
V  [jvm.dll+0x360dfd]
V  [jvm.dll+0x2e022c]
V  [jvm.dll+0x2e1138]
V  [jvm.dll+0x80c6cb]
V  [jvm.dll+0x36e841]
V  [jvm.dll+0x7eb2a5]
V  [jvm.dll+0x3f444b]
V  [jvm.dll+0x3f5f31]
C  [jli.dll+0x52d0]
C  [ucrtbase.dll+0x37b0]
C  [KERNEL32.DLL+0x2e8d7]
C  [ntdll.dll+0x8c53c]


---------------  P R O C E S S  ---------------

Threads class SMR info:
_java_thread_list=0x00007ffe38ba7f58, length=0, elements={
}

Java Threads: ( => current thread )

Other Threads:
  0x000001b25abf27b0 GCTaskThread "GC Thread#0" [stack: 0x00000069a8500000,0x00000069a8600000] [id=28360]
  0x000001b27cae0ad0 ConcurrentGCThread "G1 Main Marker" [stack: 0x00000069a8600000,0x00000069a8700000] [id=28700]
  0x000001b25ac056d0 ConcurrentGCThread "G1 Conc#0" [stack: 0x00000069a8700000,0x00000069a8800000] [id=11856]

[error occurred during error reporting (printing all threads), id 0xc0000005, EXCEPTION_ACCESS_VIOLATION (0xc0000005) at pc=0x00007ffe38360d57]

VM state: not at safepoint (not fully initialized)

VM Mutex/Monitor currently owned by a thread:  ([mutex/lock_event])
[0x000001b25ab83470] Heap_lock - owner thread: 0x000001b2587de9b0

Heap address: 0x0000000604c00000, size: 8116 MB, Compressed Oops mode: Zero based, Oop shift amount: 3

CDS archive(s) mapped at: [0x0000000000000000-0x0000000000000000-0x0000000000000000), size 0, SharedBaseAddress: 0x0000000800000000, ArchiveRelocationMode: 1.
Narrow klass base: 0x0000000000000000, Narrow klass shift: 0, Narrow klass range: 0x0

GC Precious Log:
<Empty>

Heap:
 garbage-first heap   total 0K, used 0K [0x0000000604c00000, 0x0000000800000000)
  region size 4096K, 0 young (0K), 0 survivors (0K)

[error occurred during error reporting (printing heap information), id 0xc0000005, EXCEPTION_ACCESS_VIOLATION (0xc0000005) at pc=0x00007ffe3874d5c9]

GC Heap History (0 events):
No events

Dll operation events (1 events):
Event: 0.010 Loaded shared library C:\Users\USER\AppData\Local\Programs\Eclipse Adoptium\jdk-17.0.17.10-hotspot\bin\java.dll

Deoptimization events (0 events):
No events

Classes loaded (0 events):
No events

Classes unloaded (0 events):
No events

Classes redefined (0 events):
No events

Internal exceptions (0 events):
No events

VM Operations (0 events):
No events

Memory protections (0 events):
No events

Nmethod flushes (0 events):
No events

Events (0 events):
No events


Dynamic libraries:
0x00007ff636fd0000 - 0x00007ff636fde000 	C:\Users\USER\AppData\Local\Programs\Eclipse Adoptium\jdk-17.0.17.10-hotspot\bin\java.exe
0x00007ffeb0460000 - 0x00007ffeb06c7000 	C:\WINDOWS\SYSTEM32\ntdll.dll
0x00007ffe6f3d0000 - 0x00007ffe6f3f1000 	C:\Program Files\Avast Software\Avast\aswhook.dll
0x00007ffeaefb0000 - 0x00007ffeaf079000 	C:\WINDOWS\System32\KERNEL32.DLL
0x00007ffead5e0000 - 0x00007ffead9cf000 	C:\WINDOWS\System32\KERNELBASE.dll
0x00007ffeadcd0000 - 0x00007ffeade1b000 	C:\WINDOWS\System32\ucrtbase.dll
0x00007ffea7f60000 - 0x00007ffea7f78000 	C:\Users\USER\AppData\Local\Programs\Eclipse Adoptium\jdk-17.0.17.10-hotspot\bin\jli.dll
0x00007ffea7f40000 - 0x00007ffea7f5e000 	C:\Users\USER\AppData\Local\Programs\Eclipse Adoptium\jdk-17.0.17.10-hotspot\bin\VCRUNTIME140.dll
0x00007ffeae430000 - 0x00007ffeae5f5000 	C:\WINDOWS\System32\USER32.dll
0x00007ffead5b0000 - 0x00007ffead5d7000 	C:\WINDOWS\System32\win32u.dll
0x00007ffeae7c0000 - 0x00007ffeae7eb000 	C:\WINDOWS\System32\GDI32.dll
0x00007ffeade20000 - 0x00007ffeadf4c000 	C:\WINDOWS\System32\gdi32full.dll
0x00007ffeae150000 - 0x00007ffeae1f3000 	C:\WINDOWS\System32\msvcp_win.dll
0x00007ffe85590000 - 0x00007ffe85823000 	C:\WINDOWS\WinSxS\amd64_microsoft.windows.common-controls_6595b64144ccf1df_6.0.26100.7309_none_3e05feeae336a044\COMCTL32.dll
0x00007ffeafe60000 - 0x00007ffeaff09000 	C:\WINDOWS\System32\msvcrt.dll
0x00007ffeafe20000 - 0x00007ffeafe51000 	C:\WINDOWS\System32\IMM32.DLL
0x000000006d320000 - 0x000000006d32c000 	C:\Program Files (x86)\360\Total Security\safemon\SafeWrapper.dll
0x00007ffeaed00000 - 0x00007ffeaedb4000 	C:\WINDOWS\System32\ADVAPI32.dll
0x00007ffeaff90000 - 0x00007ffeb0036000 	C:\WINDOWS\System32\sechost.dll
0x00007ffeaedd0000 - 0x00007ffeaeee8000 	C:\WINDOWS\System32\RPCRT4.dll
0x00007ffe1af00000 - 0x00007ffe1afac000 	C:\Program Files (x86)\360\Total Security\safemon\libzdtp64.dll
0x00007ffeaf0e0000 - 0x00007ffeaf833000 	C:\WINDOWS\System32\SHELL32.dll
0x00007ffeadb60000 - 0x00007ffeadcca000 	C:\WINDOWS\System32\wintypes.dll
0x00007ffeae810000 - 0x00007ffeaeb95000 	C:\WINDOWS\System32\combase.dll
0x00007ffeaff10000 - 0x00007ffeaff76000 	C:\WINDOWS\System32\SHLWAPI.dll
0x00007ffeace90000 - 0x00007ffeace9b000 	C:\WINDOWS\SYSTEM32\VERSION.dll
0x00007ffea7f30000 - 0x00007ffea7f3c000 	C:\Users\USER\AppData\Local\Programs\Eclipse Adoptium\jdk-17.0.17.10-hotspot\bin\vcruntime140_1.dll
0x00007ffea7ea0000 - 0x00007ffea7f2d000 	C:\Users\USER\AppData\Local\Programs\Eclipse Adoptium\jdk-17.0.17.10-hotspot\bin\msvcp140.dll
0x00007ffe38070000 - 0x00007ffe38cdb000 	C:\Users\USER\AppData\Local\Programs\Eclipse Adoptium\jdk-17.0.17.10-hotspot\bin\server\jvm.dll
0x00007ffeaef30000 - 0x00007ffeaefa4000 	C:\WINDOWS\System32\WS2_32.dll
0x00007ffea6f10000 - 0x00007ffea6f45000 	C:\WINDOWS\SYSTEM32\WINMM.dll
0x00007ffead430000 - 0x00007ffead48e000 	C:\WINDOWS\SYSTEM32\POWRPROF.dll
0x00007ffead410000 - 0x00007ffead424000 	C:\WINDOWS\SYSTEM32\UMPDC.dll
0x00007ffeac2b0000 - 0x00007ffeac2cb000 	C:\WINDOWS\SYSTEM32\kernel.appcore.dll
0x00007ffea7e90000 - 0x00007ffea7e9a000 	C:\Users\USER\AppData\Local\Programs\Eclipse Adoptium\jdk-17.0.17.10-hotspot\bin\jimage.dll
0x00007ffeaab40000 - 0x00007ffeaad82000 	C:\WINDOWS\SYSTEM32\DBGHELP.DLL
0x00007ffeaeba0000 - 0x00007ffeaec76000 	C:\WINDOWS\System32\OLEAUT32.dll
0x00007ffe9e730000 - 0x00007ffe9e76c000 	C:\WINDOWS\SYSTEM32\dbgcore.DLL
0x00007ffeae0a0000 - 0x00007ffeae145000 	C:\WINDOWS\System32\bcryptPrimitives.dll
0x00007ffea7e60000 - 0x00007ffea7e85000 	C:\Users\USER\AppData\Local\Programs\Eclipse Adoptium\jdk-17.0.17.10-hotspot\bin\java.dll

dbghelp: loaded successfully - version: 4.0.5 - missing functions: none
symbol engine: initialized successfully - sym options: 0x614 - pdb path: .;C:\Users\USER\AppData\Local\Programs\Eclipse Adoptium\jdk-17.0.17.10-hotspot\bin;C:\WINDOWS\SYSTEM32;C:\Program Files\Avast Software\Avast;C:\WINDOWS\WinSxS\amd64_microsoft.windows.common-controls_6595b64144ccf1df_6.0.26100.7309_none_3e05feeae336a044;C:\Program Files (x86)\360\Total Security\safemon;C:\Users\USER\AppData\Local\Programs\Eclipse Adoptium\jdk-17.0.17.10-hotspot\bin\server

VM Arguments:
jvm_args: --enable-native-access=ALL-UNNAMED 
java_command: <unknown>
java_class_path (initial): <not set>
Launcher Type: SUN_STANDARD

[Global flags]
     intx CICompilerCount                          = 4                                         {product} {ergonomic}
     uint ConcGCThreads                            = 3                                         {product} {ergonomic}
     uint G1ConcRefinementThreads                  = 10                                        {product} {ergonomic}
   size_t G1HeapRegionSize                         = 4194304                                   {product} {ergonomic}
    uintx GCDrainStackTargetSize                   = 64                                        {product} {ergonomic}
   size_t InitialHeapSize                          = 532676608                                 {product} {ergonomic}
   size_t MarkStackSize                            = 4194304                                   {product} {ergonomic}
   size_t MaxHeapSize                              = 8510242816                                {product} {ergonomic}
   size_t MinHeapDeltaBytes                        = 4194304                                   {product} {ergonomic}
   size_t MinHeapSize                              = 8388608                                   {product} {ergonomic}
    uintx NonNMethodCodeHeapSize                   = 5839372                                {pd product} {ergonomic}
    uintx NonProfiledCodeHeapSize                  = 122909434                              {pd product} {ergonomic}
    uintx ProfiledCodeHeapSize                     = 122909434                              {pd product} {ergonomic}
    uintx ReservedCodeCacheSize                    = 251658240                              {pd product} {ergonomic}
     bool SegmentedCodeCache                       = true                                      {product} {ergonomic}
   size_t SoftMaxHeapSize                          = 8510242816                             {manageable} {ergonomic}
     bool UseCompressedClassPointers               = true                           {product lp64_product} {ergonomic}
     bool UseCompressedOops                        = true                           {product lp64_product} {ergonomic}
     bool UseG1GC                                  = true                                      {product} {ergonomic}
     bool UseLargePagesIndividualAllocation        = false                                  {pd product} {ergonomic}

Logging:
Log output configuration:
 #0: stdout all=warning uptime,level,tags
 #1: stderr all=off uptime,level,tags

Environment Variables:
JAVA_HOME=C:\Users\USER\AppData\Local\Programs\Eclipse Adoptium\jdk-17.0.17.10-hotspot\
PATH=C:\app\USER\product\21c\dbhomeXE\bin;C:\WINDOWS\system32;C:\WINDOWS;C:\WINDOWS\System32\Wbem;C:\WINDOWS\System32\WindowsPowerShell\v1.0\;C:\WINDOWS\System32\OpenSSH\;C:\Program Files\dotnet\;C:\Program Files\gnuplot\bin;C:\Windows\System32;C:\mingw64\bin;C:\Program Files\Eclipse Adoptium\jdk-17.0.17.10-hotspot\bin;C:\Program Files\nodejs\;C:\Program Files\Git\cmd;C:\Program Files\Terraform;C:\Program Files\Microsoft SQL Server\170\Tools\Binn\;C:\Program Files\Microsoft SQL Server\Client SDK\ODBC\170\Tools\Binn\;F:\C_disque\flutter\bin;C:\Program Files\apache-maven-3.9.12\bin;C:\Program Files\Docker\Docker\resources\bin;C:\Program Files\PuTTY\;C:\Users\USER\AppData\Local\Programs\Eclipse Adoptium\jdk-17.0.17.10-hotspot\bin;C:\Program Files\MySQL\MySQL Shell 8.0\bin\;C:\Program Files\MySQL\MySQL Server 8.0\bin;C:\Users\USER\AppData\Local\Programs\Python\Python313\Scripts\;C:\Users\USER\AppData\Local\Programs\Python\Python313\;C:\Users\USER\AppData\Local\Microsoft\WindowsApps;C:\Users\USER\AppData\Local\Programs\Microsoft VS Code\bin;C:\wildfly-38.0.0.Final\bin;C:\Users\USER\AppData\Roaming\npm;C:\Users\USER\AppData\Local\Android\Sdk\platform-tools;F:\IntelliJ IDEA 2025.3.2\bin;C:\Users\USER\.dotnet\tools
USERNAME=USER
OS=Windows_NT
PROCESSOR_IDENTIFIER=Intel64 Family 6 Model 186 Stepping 3, GenuineIntel
TMP=C:\Users\USER\AppData\Local\Temp
TEMP=C:\Users\USER\AppData\Local\Temp



Periodic native trim disabled


---------------  S Y S T E M  ---------------

OS:
 Windows 11 , 64 bit Build 26100 (10.0.26100.7309)
OS uptime: 0 days 0:35 hours
Hyper-V role detected

CPU: total 12 (initial active 12) (6 cores per cpu, 2 threads per core) family 6 model 186 stepping 3 microcode 0x4128, cx8, cmov, fxsr, ht, mmx, 3dnowpref, sse, sse2, sse3, ssse3, sse4.1, sse4.2, popcnt, lzcnt, tsc, tscinvbit, avx, avx2, aes, erms, clmul, bmi1, bmi2, adx, sha, fma, vzeroupper, clflush, clflushopt, clwb, hv
Processor Information for processor 0
  Max Mhz: 1700, Current Mhz: 1700, Mhz Limit: 1700
Processor Information for processor 1
  Max Mhz: 1700, Current Mhz: 1700, Mhz Limit: 1700
Processor Information for processor 2
  Max Mhz: 1700, Current Mhz: 1700, Mhz Limit: 1700
Processor Information for processor 3
  Max Mhz: 1700, Current Mhz: 1700, Mhz Limit: 1700
Processor Information for processor 4
  Max Mhz: 1700, Current Mhz: 1558, Mhz Limit: 1700
Processor Information for processor 5
  Max Mhz: 1700, Current Mhz: 1700, Mhz Limit: 1700
Processor Information for processor 6
  Max Mhz: 1700, Current Mhz: 1558, Mhz Limit: 1700
Processor Information for processor 7
  Max Mhz: 1700, Current Mhz: 1700, Mhz Limit: 1700
Processor Information for processor 8
  Max Mhz: 1700, Current Mhz: 1700, Mhz Limit: 1700
Processor Information for processor 9
  Max Mhz: 1700, Current Mhz: 1700, Mhz Limit: 1700
Processor Information for processor 10
  Max Mhz: 1700, Current Mhz: 1558, Mhz Limit: 1700
Processor Information for processor 11
  Max Mhz: 1700, Current Mhz: 1700, Mhz Limit: 1700

Memory: 4k page, system-wide physical 32452M (4351M free)
TotalPageFile size 36548M (AvailPageFile size 389M)
current process WorkingSet (physical memory assigned to process): 14M, peak: 14M
current process commit charge ("private bytes"): 65M, peak: 573M

vm_info: OpenJDK 64-Bit Server VM (17.0.17+10) for windows-amd64 JRE (17.0.17+10), built on Oct 21 2025 23:25:32 by "admin" with unknown MS VC++:1942

END.
