#
# There is insufficient memory for the Java Runtime Environment to continue.
# Native memory allocation (malloc) failed to allocate 416016 bytes. Error detail: Chunk::new
# Possible reasons:
#   The system is out of physical RAM or swap space
#   This process is running with CompressedOops enabled, and the Java Heap may be blocking the growth of the native heap
# Possible solutions:
#   Reduce memory load on the system
#   Increase physical memory or swap space
#   Check if swap backing store is full
#   Decrease Java heap size (-Xmx/-Xms)
#   Decrease number of Java threads
#   Decrease Java thread stack sizes (-Xss)
#   Set larger code cache with -XX:ReservedCodeCacheSize=
#   JVM is running with Zero Based Compressed Oops mode in which the Java heap is
#     placed in the first 32GB address space. The Java Heap base address is the
#     maximum limit for the native heap growth. Please use -XX:HeapBaseMinAddress
#     to set the Java Heap base and to place the Java Heap above 32GB virtual address.
# This output file may be truncated or incomplete.
#
#  Out of Memory Error (arena.cpp:191), pid=21572, tid=26636
#
# JRE version: OpenJDK Runtime Environment Temurin-17.0.17+10 (17.0.17+10) (build 17.0.17+10)
# Java VM: OpenJDK 64-Bit Server VM Temurin-17.0.17+10 (17.0.17+10, mixed mode, sharing, tiered, compressed oops, compressed class ptrs, g1 gc, windows-amd64)
# No core dump will be written. Minidumps are not enabled by default on client versions of Windows
#

---------------  S U M M A R Y ------------

Command Line: -Dclassworlds.conf=C:\Program Files\apache-maven-3.9.12\bin\m2.conf -Dmaven.home=C:\Program Files\apache-maven-3.9.12 -Dlibrary.jansi.path=C:\Program Files\apache-maven-3.9.12\lib\jansi-native -Dmaven.multiModuleProjectDirectory=F:\Pharma_backend-ahmed\user org.codehaus.plexus.classworlds.launcher.Launcher spring-boot:run

Host: 13th Gen Intel(R) Core(TM) i7-1355U, 12 cores, 31G,  Windows 11 , 64 bit Build 26100 (10.0.26100.7309)
Time: Fri Apr 17 11:04:01 2026 Afr. centrale Ouest elapsed time: 5.783511 seconds (0d 0h 0m 5s)

---------------  T H R E A D  ---------------

Current thread (0x000002745f674130):  JavaThread "C2 CompilerThread2" daemon [_thread_in_native, id=26636, stack(0x000000ee6c700000,0x000000ee6c800000)]


Current CompileTask:
C2:5783 1361       4       jdk.internal.loader.URLClassPath::getResource (74 bytes)

Stack: [0x000000ee6c700000,0x000000ee6c800000]
Native frames: (J=compiled Java code, j=interpreted, Vv=VM code, C=native code)
V  [jvm.dll+0x683fb9]
V  [jvm.dll+0x83a1b5]
V  [jvm.dll+0x83bc2e]
V  [jvm.dll+0x83c2b3]
V  [jvm.dll+0x248eff]
V  [jvm.dll+0xad496]
V  [jvm.dll+0xadb3c]
V  [jvm.dll+0x3689ef]
V  [jvm.dll+0x332fa5]
V  [jvm.dll+0x33240a]
V  [jvm.dll+0x219db9]
V  [jvm.dll+0x219200]
V  [jvm.dll+0x1a4920]
V  [jvm.dll+0x22989a]
V  [jvm.dll+0x227a4b]
V  [jvm.dll+0x7effb8]
V  [jvm.dll+0x7ea44c]
V  [jvm.dll+0x682e87]
C  [ucrtbase.dll+0x37b0]
C  [KERNEL32.DLL+0x2e8d7]
C  [ntdll.dll+0x8c53c]


---------------  P R O C E S S  ---------------

Threads class SMR info:
_java_thread_list=0x00000274600bc510, length=14, elements={
0x000002746cef7070, 0x000002747fff7990, 0x000002747fff8460, 0x00000274199fc3a0,
0x00000274199fcc70, 0x00000274199fd540, 0x0000027419a00230, 0x0000027419a00ee0,
0x0000027419a0bcd0, 0x0000027419a2c800, 0x0000027419b8de70, 0x0000027419ba4a80,
0x000002745f518c20, 0x000002745f674130
}

Java Threads: ( => current thread )
  0x000002746cef7070 JavaThread "main" [_thread_in_Java, id=2004, stack(0x000000ee6b300000,0x000000ee6b400000)]
  0x000002747fff7990 JavaThread "Reference Handler" daemon [_thread_blocked, id=29344, stack(0x000000ee6ba00000,0x000000ee6bb00000)]
  0x000002747fff8460 JavaThread "Finalizer" daemon [_thread_blocked, id=10176, stack(0x000000ee6bb00000,0x000000ee6bc00000)]
  0x00000274199fc3a0 JavaThread "Signal Dispatcher" daemon [_thread_blocked, id=25120, stack(0x000000ee6bc00000,0x000000ee6bd00000)]
  0x00000274199fcc70 JavaThread "Attach Listener" daemon [_thread_blocked, id=13168, stack(0x000000ee6bd00000,0x000000ee6be00000)]
  0x00000274199fd540 JavaThread "Service Thread" daemon [_thread_blocked, id=14748, stack(0x000000ee6be00000,0x000000ee6bf00000)]
  0x0000027419a00230 JavaThread "Monitor Deflation Thread" daemon [_thread_blocked, id=15724, stack(0x000000ee6bf00000,0x000000ee6c000000)]
  0x0000027419a00ee0 JavaThread "C2 CompilerThread0" daemon [_thread_blocked, id=17708, stack(0x000000ee6c000000,0x000000ee6c100000)]
  0x0000027419a0bcd0 JavaThread "C1 CompilerThread0" daemon [_thread_in_native, id=17100, stack(0x000000ee6c100000,0x000000ee6c200000)]
  0x0000027419a2c800 JavaThread "Sweeper thread" daemon [_thread_blocked, id=19656, stack(0x000000ee6c200000,0x000000ee6c300000)]
  0x0000027419b8de70 JavaThread "Notification Thread" daemon [_thread_blocked, id=19404, stack(0x000000ee6c300000,0x000000ee6c400000)]
  0x0000027419ba4a80 JavaThread "Common-Cleaner" daemon [_thread_blocked, id=25568, stack(0x000000ee6c500000,0x000000ee6c600000)]
  0x000002745f518c20 JavaThread "C2 CompilerThread1" daemon [_thread_blocked, id=21348, stack(0x000000ee6c600000,0x000000ee6c700000)]
=>0x000002745f674130 JavaThread "C2 CompilerThread2" daemon [_thread_in_native, id=26636, stack(0x000000ee6c700000,0x000000ee6c800000)]

Other Threads:
  0x000002747ffe7510 VMThread "VM Thread" [stack: 0x000000ee6b900000,0x000000ee6ba00000] [id=17748]
  0x0000027419b8f1c0 WatcherThread [stack: 0x000000ee6c400000,0x000000ee6c500000] [id=21508]
  0x000002746cf63be0 GCTaskThread "GC Thread#0" [stack: 0x000000ee6b400000,0x000000ee6b500000] [id=9888]
  0x000002745f73a2e0 GCTaskThread "GC Thread#1" [stack: 0x000000ee6c800000,0x000000ee6c900000] [id=9388]
  0x000002745f7fea50 GCTaskThread "GC Thread#2" [stack: 0x000000ee6c900000,0x000000ee6ca00000] [id=26372]
  0x000002745f7929b0 GCTaskThread "GC Thread#3" [stack: 0x000000ee6ca00000,0x000000ee6cb00000] [id=10388]
  0x000002745f792c70 GCTaskThread "GC Thread#4" [stack: 0x000000ee6cb00000,0x000000ee6cc00000] [id=10916]
  0x000002745f792f30 GCTaskThread "GC Thread#5" [stack: 0x000000ee6cc00000,0x000000ee6cd00000] [id=29500]
  0x000002745ffd9920 GCTaskThread "GC Thread#6" [stack: 0x000000ee6cd00000,0x000000ee6ce00000] [id=4216]
  0x000002745ffda3f0 GCTaskThread "GC Thread#7" [stack: 0x000000ee6ce00000,0x000000ee6cf00000] [id=13964]
  0x000002745fd8fca0 GCTaskThread "GC Thread#8" [stack: 0x000000ee6cf00000,0x000000ee6d000000] [id=16380]
  0x000002745fd8ff60 GCTaskThread "GC Thread#9" [stack: 0x000000ee6d000000,0x000000ee6d100000] [id=23952]
  0x000002746cf77090 ConcurrentGCThread "G1 Main Marker" [stack: 0x000000ee6b500000,0x000000ee6b600000] [id=21520]
  0x000002746cf793e0 ConcurrentGCThread "G1 Conc#0" [stack: 0x000000ee6b600000,0x000000ee6b700000] [id=6692]
  0x000002747ff1c6a0 ConcurrentGCThread "G1 Refine#0" [stack: 0x000000ee6b700000,0x000000ee6b800000] [id=21532]
  0x000002747ff1ce80 ConcurrentGCThread "G1 Service" [stack: 0x000000ee6b800000,0x000000ee6b900000] [id=27096]

Threads with active compile tasks:
C2 CompilerThread2  5881 1361       4       jdk.internal.loader.URLClassPath::getResource (74 bytes)

VM state: not at safepoint (normal execution)

VM Mutex/Monitor currently owned by a thread: None

Heap address: 0x0000000604c00000, size: 8116 MB, Compressed Oops mode: Zero based, Oop shift amount: 3

CDS archive(s) mapped at: [0x000002741a000000-0x000002741abb0000-0x000002741abb0000), size 12255232, SharedBaseAddress: 0x000002741a000000, ArchiveRelocationMode: 1.
Compressed class space mapped at: 0x000002741b000000-0x000002745b000000, reserved size: 1073741824
Narrow klass base: 0x000002741a000000, Narrow klass shift: 0, Narrow klass range: 0x100000000

GC Precious Log:
 CPUs: 12 total, 12 available
 Memory: 32452M
 Large Page Support: Disabled
 NUMA Support: Disabled
 Compressed Oops: Enabled (Zero based)
 Heap Region Size: 4M
 Heap Min Capacity: 8M
 Heap Initial Capacity: 508M
 Heap Max Capacity: 8116M
 Pre-touch: Disabled
 Parallel Workers: 10
 Concurrent Workers: 3
 Concurrent Refinement Workers: 10
 Periodic GC: Disabled

Heap:
 garbage-first heap   total 520192K, used 20223K [0x0000000604c00000, 0x0000000800000000)
  region size 4096K, 6 young (24576K), 1 survivors (4096K)
 Metaspace       used 6986K, committed 7168K, reserved 1114112K
  class space    used 836K, committed 896K, reserved 1048576K

Heap Regions: E=young(eden), S=young(survivor), O=old, HS=humongous(starts), HC=humongous(continues), CS=collection set, F=free, OA=open archive, CA=closed archive, TAMS=top-at-mark-start (previous, next)
|   0|0x0000000604c00000, 0x0000000604c00000, 0x0000000605000000|  0%| F|  |TAMS 0x0000000604c00000, 0x0000000604c00000| Untracked 
|   1|0x0000000605000000, 0x0000000605000000, 0x0000000605400000|  0%| F|  |TAMS 0x0000000605000000, 0x0000000605000000| Untracked 
|   2|0x0000000605400000, 0x0000000605400000, 0x0000000605800000|  0%| F|  |TAMS 0x0000000605400000, 0x0000000605400000| Untracked 
|   3|0x0000000605800000, 0x0000000605800000, 0x0000000605c00000|  0%| F|  |TAMS 0x0000000605800000, 0x0000000605800000| Untracked 
|   4|0x0000000605c00000, 0x0000000605c00000, 0x0000000606000000|  0%| F|  |TAMS 0x0000000605c00000, 0x0000000605c00000| Untracked 
|   5|0x0000000606000000, 0x0000000606000000, 0x0000000606400000|  0%| F|  |TAMS 0x0000000606000000, 0x0000000606000000| Untracked 
|   6|0x0000000606400000, 0x0000000606400000, 0x0000000606800000|  0%| F|  |TAMS 0x0000000606400000, 0x0000000606400000| Untracked 
|   7|0x0000000606800000, 0x0000000606800000, 0x0000000606c00000|  0%| F|  |TAMS 0x0000000606800000, 0x0000000606800000| Untracked 
|   8|0x0000000606c00000, 0x0000000606c00000, 0x0000000607000000|  0%| F|  |TAMS 0x0000000606c00000, 0x0000000606c00000| Untracked 
|   9|0x0000000607000000, 0x0000000607000000, 0x0000000607400000|  0%| F|  |TAMS 0x0000000607000000, 0x0000000607000000| Untracked 
|  10|0x0000000607400000, 0x0000000607400000, 0x0000000607800000|  0%| F|  |TAMS 0x0000000607400000, 0x0000000607400000| Untracked 
|  11|0x0000000607800000, 0x0000000607800000, 0x0000000607c00000|  0%| F|  |TAMS 0x0000000607800000, 0x0000000607800000| Untracked 
|  12|0x0000000607c00000, 0x0000000607c00000, 0x0000000608000000|  0%| F|  |TAMS 0x0000000607c00000, 0x0000000607c00000| Untracked 
|  13|0x0000000608000000, 0x0000000608000000, 0x0000000608400000|  0%| F|  |TAMS 0x0000000608000000, 0x0000000608000000| Untracked 
|  14|0x0000000608400000, 0x0000000608400000, 0x0000000608800000|  0%| F|  |TAMS 0x0000000608400000, 0x0000000608400000| Untracked 
|  15|0x0000000608800000, 0x0000000608800000, 0x0000000608c00000|  0%| F|  |TAMS 0x0000000608800000, 0x0000000608800000| Untracked 
|  16|0x0000000608c00000, 0x0000000608c00000, 0x0000000609000000|  0%| F|  |TAMS 0x0000000608c00000, 0x0000000608c00000| Untracked 
|  17|0x0000000609000000, 0x0000000609000000, 0x0000000609400000|  0%| F|  |TAMS 0x0000000609000000, 0x0000000609000000| Untracked 
|  18|0x0000000609400000, 0x0000000609400000, 0x0000000609800000|  0%| F|  |TAMS 0x0000000609400000, 0x0000000609400000| Untracked 
|  19|0x0000000609800000, 0x0000000609800000, 0x0000000609c00000|  0%| F|  |TAMS 0x0000000609800000, 0x0000000609800000| Untracked 
|  20|0x0000000609c00000, 0x0000000609c00000, 0x000000060a000000|  0%| F|  |TAMS 0x0000000609c00000, 0x0000000609c00000| Untracked 
|  21|0x000000060a000000, 0x000000060a000000, 0x000000060a400000|  0%| F|  |TAMS 0x000000060a000000, 0x000000060a000000| Untracked 
|  22|0x000000060a400000, 0x000000060a400000, 0x000000060a800000|  0%| F|  |TAMS 0x000000060a400000, 0x000000060a400000| Untracked 
|  23|0x000000060a800000, 0x000000060a800000, 0x000000060ac00000|  0%| F|  |TAMS 0x000000060a800000, 0x000000060a800000| Untracked 
|  24|0x000000060ac00000, 0x000000060ac00000, 0x000000060b000000|  0%| F|  |TAMS 0x000000060ac00000, 0x000000060ac00000| Untracked 
|  25|0x000000060b000000, 0x000000060b000000, 0x000000060b400000|  0%| F|  |TAMS 0x000000060b000000, 0x000000060b000000| Untracked 
|  26|0x000000060b400000, 0x000000060b400000, 0x000000060b800000|  0%| F|  |TAMS 0x000000060b400000, 0x000000060b400000| Untracked 
|  27|0x000000060b800000, 0x000000060b800000, 0x000000060bc00000|  0%| F|  |TAMS 0x000000060b800000, 0x000000060b800000| Untracked 
|  28|0x000000060bc00000, 0x000000060bc00000, 0x000000060c000000|  0%| F|  |TAMS 0x000000060bc00000, 0x000000060bc00000| Untracked 
|  29|0x000000060c000000, 0x000000060c000000, 0x000000060c400000|  0%| F|  |TAMS 0x000000060c000000, 0x000000060c000000| Untracked 
|  30|0x000000060c400000, 0x000000060c400000, 0x000000060c800000|  0%| F|  |TAMS 0x000000060c400000, 0x000000060c400000| Untracked 
|  31|0x000000060c800000, 0x000000060c800000, 0x000000060cc00000|  0%| F|  |TAMS 0x000000060c800000, 0x000000060c800000| Untracked 
|  32|0x000000060cc00000, 0x000000060cc00000, 0x000000060d000000|  0%| F|  |TAMS 0x000000060cc00000, 0x000000060cc00000| Untracked 
|  33|0x000000060d000000, 0x000000060d000000, 0x000000060d400000|  0%| F|  |TAMS 0x000000060d000000, 0x000000060d000000| Untracked 
|  34|0x000000060d400000, 0x000000060d400000, 0x000000060d800000|  0%| F|  |TAMS 0x000000060d400000, 0x000000060d400000| Untracked 
|  35|0x000000060d800000, 0x000000060d800000, 0x000000060dc00000|  0%| F|  |TAMS 0x000000060d800000, 0x000000060d800000| Untracked 
|  36|0x000000060dc00000, 0x000000060dc00000, 0x000000060e000000|  0%| F|  |TAMS 0x000000060dc00000, 0x000000060dc00000| Untracked 
|  37|0x000000060e000000, 0x000000060e000000, 0x000000060e400000|  0%| F|  |TAMS 0x000000060e000000, 0x000000060e000000| Untracked 
|  38|0x000000060e400000, 0x000000060e400000, 0x000000060e800000|  0%| F|  |TAMS 0x000000060e400000, 0x000000060e400000| Untracked 
|  39|0x000000060e800000, 0x000000060e800000, 0x000000060ec00000|  0%| F|  |TAMS 0x000000060e800000, 0x000000060e800000| Untracked 
|  40|0x000000060ec00000, 0x000000060ec00000, 0x000000060f000000|  0%| F|  |TAMS 0x000000060ec00000, 0x000000060ec00000| Untracked 
|  41|0x000000060f000000, 0x000000060f000000, 0x000000060f400000|  0%| F|  |TAMS 0x000000060f000000, 0x000000060f000000| Untracked 
|  42|0x000000060f400000, 0x000000060f400000, 0x000000060f800000|  0%| F|  |TAMS 0x000000060f400000, 0x000000060f400000| Untracked 
|  43|0x000000060f800000, 0x000000060f800000, 0x000000060fc00000|  0%| F|  |TAMS 0x000000060f800000, 0x000000060f800000| Untracked 
|  44|0x000000060fc00000, 0x000000060fc00000, 0x0000000610000000|  0%| F|  |TAMS 0x000000060fc00000, 0x000000060fc00000| Untracked 
|  45|0x0000000610000000, 0x0000000610000000, 0x0000000610400000|  0%| F|  |TAMS 0x0000000610000000, 0x0000000610000000| Untracked 
|  46|0x0000000610400000, 0x0000000610400000, 0x0000000610800000|  0%| F|  |TAMS 0x0000000610400000, 0x0000000610400000| Untracked 
|  47|0x0000000610800000, 0x0000000610800000, 0x0000000610c00000|  0%| F|  |TAMS 0x0000000610800000, 0x0000000610800000| Untracked 
|  48|0x0000000610c00000, 0x0000000610c00000, 0x0000000611000000|  0%| F|  |TAMS 0x0000000610c00000, 0x0000000610c00000| Untracked 
|  49|0x0000000611000000, 0x0000000611000000, 0x0000000611400000|  0%| F|  |TAMS 0x0000000611000000, 0x0000000611000000| Untracked 
|  50|0x0000000611400000, 0x0000000611400000, 0x0000000611800000|  0%| F|  |TAMS 0x0000000611400000, 0x0000000611400000| Untracked 
|  51|0x0000000611800000, 0x0000000611800000, 0x0000000611c00000|  0%| F|  |TAMS 0x0000000611800000, 0x0000000611800000| Untracked 
|  52|0x0000000611c00000, 0x0000000611c00000, 0x0000000612000000|  0%| F|  |TAMS 0x0000000611c00000, 0x0000000611c00000| Untracked 
|  53|0x0000000612000000, 0x0000000612000000, 0x0000000612400000|  0%| F|  |TAMS 0x0000000612000000, 0x0000000612000000| Untracked 
|  54|0x0000000612400000, 0x0000000612400000, 0x0000000612800000|  0%| F|  |TAMS 0x0000000612400000, 0x0000000612400000| Untracked 
|  55|0x0000000612800000, 0x0000000612800000, 0x0000000612c00000|  0%| F|  |TAMS 0x0000000612800000, 0x0000000612800000| Untracked 
|  56|0x0000000612c00000, 0x0000000612c00000, 0x0000000613000000|  0%| F|  |TAMS 0x0000000612c00000, 0x0000000612c00000| Untracked 
|  57|0x0000000613000000, 0x0000000613000000, 0x0000000613400000|  0%| F|  |TAMS 0x0000000613000000, 0x0000000613000000| Untracked 
|  58|0x0000000613400000, 0x0000000613400000, 0x0000000613800000|  0%| F|  |TAMS 0x0000000613400000, 0x0000000613400000| Untracked 
|  59|0x0000000613800000, 0x0000000613800000, 0x0000000613c00000|  0%| F|  |TAMS 0x0000000613800000, 0x0000000613800000| Untracked 
|  60|0x0000000613c00000, 0x0000000613c00000, 0x0000000614000000|  0%| F|  |TAMS 0x0000000613c00000, 0x0000000613c00000| Untracked 
|  61|0x0000000614000000, 0x0000000614000000, 0x0000000614400000|  0%| F|  |TAMS 0x0000000614000000, 0x0000000614000000| Untracked 
|  62|0x0000000614400000, 0x0000000614400000, 0x0000000614800000|  0%| F|  |TAMS 0x0000000614400000, 0x0000000614400000| Untracked 
|  63|0x0000000614800000, 0x0000000614800000, 0x0000000614c00000|  0%| F|  |TAMS 0x0000000614800000, 0x0000000614800000| Untracked 
|  64|0x0000000614c00000, 0x0000000614c00000, 0x0000000615000000|  0%| F|  |TAMS 0x0000000614c00000, 0x0000000614c00000| Untracked 
|  65|0x0000000615000000, 0x0000000615000000, 0x0000000615400000|  0%| F|  |TAMS 0x0000000615000000, 0x0000000615000000| Untracked 
|  66|0x0000000615400000, 0x0000000615400000, 0x0000000615800000|  0%| F|  |TAMS 0x0000000615400000, 0x0000000615400000| Untracked 
|  67|0x0000000615800000, 0x0000000615800000, 0x0000000615c00000|  0%| F|  |TAMS 0x0000000615800000, 0x0000000615800000| Untracked 
|  68|0x0000000615c00000, 0x0000000615c00000, 0x0000000616000000|  0%| F|  |TAMS 0x0000000615c00000, 0x0000000615c00000| Untracked 
|  69|0x0000000616000000, 0x0000000616000000, 0x0000000616400000|  0%| F|  |TAMS 0x0000000616000000, 0x0000000616000000| Untracked 
|  70|0x0000000616400000, 0x0000000616400000, 0x0000000616800000|  0%| F|  |TAMS 0x0000000616400000, 0x0000000616400000| Untracked 
|  71|0x0000000616800000, 0x0000000616800000, 0x0000000616c00000|  0%| F|  |TAMS 0x0000000616800000, 0x0000000616800000| Untracked 
|  72|0x0000000616c00000, 0x0000000616c00000, 0x0000000617000000|  0%| F|  |TAMS 0x0000000616c00000, 0x0000000616c00000| Untracked 
|  73|0x0000000617000000, 0x0000000617000000, 0x0000000617400000|  0%| F|  |TAMS 0x0000000617000000, 0x0000000617000000| Untracked 
|  74|0x0000000617400000, 0x0000000617400000, 0x0000000617800000|  0%| F|  |TAMS 0x0000000617400000, 0x0000000617400000| Untracked 
|  75|0x0000000617800000, 0x0000000617800000, 0x0000000617c00000|  0%| F|  |TAMS 0x0000000617800000, 0x0000000617800000| Untracked 
|  76|0x0000000617c00000, 0x0000000617c00000, 0x0000000618000000|  0%| F|  |TAMS 0x0000000617c00000, 0x0000000617c00000| Untracked 
|  77|0x0000000618000000, 0x0000000618000000, 0x0000000618400000|  0%| F|  |TAMS 0x0000000618000000, 0x0000000618000000| Untracked 
|  78|0x0000000618400000, 0x0000000618400000, 0x0000000618800000|  0%| F|  |TAMS 0x0000000618400000, 0x0000000618400000| Untracked 
|  79|0x0000000618800000, 0x0000000618800000, 0x0000000618c00000|  0%| F|  |TAMS 0x0000000618800000, 0x0000000618800000| Untracked 
|  80|0x0000000618c00000, 0x0000000618c00000, 0x0000000619000000|  0%| F|  |TAMS 0x0000000618c00000, 0x0000000618c00000| Untracked 
|  81|0x0000000619000000, 0x0000000619000000, 0x0000000619400000|  0%| F|  |TAMS 0x0000000619000000, 0x0000000619000000| Untracked 
|  82|0x0000000619400000, 0x0000000619400000, 0x0000000619800000|  0%| F|  |TAMS 0x0000000619400000, 0x0000000619400000| Untracked 
|  83|0x0000000619800000, 0x0000000619800000, 0x0000000619c00000|  0%| F|  |TAMS 0x0000000619800000, 0x0000000619800000| Untracked 
|  84|0x0000000619c00000, 0x0000000619c00000, 0x000000061a000000|  0%| F|  |TAMS 0x0000000619c00000, 0x0000000619c00000| Untracked 
|  85|0x000000061a000000, 0x000000061a000000, 0x000000061a400000|  0%| F|  |TAMS 0x000000061a000000, 0x000000061a000000| Untracked 
|  86|0x000000061a400000, 0x000000061a400000, 0x000000061a800000|  0%| F|  |TAMS 0x000000061a400000, 0x000000061a400000| Untracked 
|  87|0x000000061a800000, 0x000000061a800000, 0x000000061ac00000|  0%| F|  |TAMS 0x000000061a800000, 0x000000061a800000| Untracked 
|  88|0x000000061ac00000, 0x000000061ac00000, 0x000000061b000000|  0%| F|  |TAMS 0x000000061ac00000, 0x000000061ac00000| Untracked 
|  89|0x000000061b000000, 0x000000061b000000, 0x000000061b400000|  0%| F|  |TAMS 0x000000061b000000, 0x000000061b000000| Untracked 
|  90|0x000000061b400000, 0x000000061b400000, 0x000000061b800000|  0%| F|  |TAMS 0x000000061b400000, 0x000000061b400000| Untracked 
|  91|0x000000061b800000, 0x000000061b800000, 0x000000061bc00000|  0%| F|  |TAMS 0x000000061b800000, 0x000000061b800000| Untracked 
|  92|0x000000061bc00000, 0x000000061bc00000, 0x000000061c000000|  0%| F|  |TAMS 0x000000061bc00000, 0x000000061bc00000| Untracked 
|  93|0x000000061c000000, 0x000000061c000000, 0x000000061c400000|  0%| F|  |TAMS 0x000000061c000000, 0x000000061c000000| Untracked 
|  94|0x000000061c400000, 0x000000061c400000, 0x000000061c800000|  0%| F|  |TAMS 0x000000061c400000, 0x000000061c400000| Untracked 
|  95|0x000000061c800000, 0x000000061c800000, 0x000000061cc00000|  0%| F|  |TAMS 0x000000061c800000, 0x000000061c800000| Untracked 
|  96|0x000000061cc00000, 0x000000061cc00000, 0x000000061d000000|  0%| F|  |TAMS 0x000000061cc00000, 0x000000061cc00000| Untracked 
|  97|0x000000061d000000, 0x000000061d000000, 0x000000061d400000|  0%| F|  |TAMS 0x000000061d000000, 0x000000061d000000| Untracked 
|  98|0x000000061d400000, 0x000000061d400000, 0x000000061d800000|  0%| F|  |TAMS 0x000000061d400000, 0x000000061d400000| Untracked 
|  99|0x000000061d800000, 0x000000061d800000, 0x000000061dc00000|  0%| F|  |TAMS 0x000000061d800000, 0x000000061d800000| Untracked 
| 100|0x000000061dc00000, 0x000000061dc00000, 0x000000061e000000|  0%| F|  |TAMS 0x000000061dc00000, 0x000000061dc00000| Untracked 
| 101|0x000000061e000000, 0x000000061e000000, 0x000000061e400000|  0%| F|  |TAMS 0x000000061e000000, 0x000000061e000000| Untracked 
| 102|0x000000061e400000, 0x000000061e400000, 0x000000061e800000|  0%| F|  |TAMS 0x000000061e400000, 0x000000061e400000| Untracked 
| 103|0x000000061e800000, 0x000000061e800000, 0x000000061ec00000|  0%| F|  |TAMS 0x000000061e800000, 0x000000061e800000| Untracked 
| 104|0x000000061ec00000, 0x000000061ec00000, 0x000000061f000000|  0%| F|  |TAMS 0x000000061ec00000, 0x000000061ec00000| Untracked 
| 105|0x000000061f000000, 0x000000061f000000, 0x000000061f400000|  0%| F|  |TAMS 0x000000061f000000, 0x000000061f000000| Untracked 
| 106|0x000000061f400000, 0x000000061f400000, 0x000000061f800000|  0%| F|  |TAMS 0x000000061f400000, 0x000000061f400000| Untracked 
| 107|0x000000061f800000, 0x000000061f800000, 0x000000061fc00000|  0%| F|  |TAMS 0x000000061f800000, 0x000000061f800000| Untracked 
| 108|0x000000061fc00000, 0x000000061fc00000, 0x0000000620000000|  0%| F|  |TAMS 0x000000061fc00000, 0x000000061fc00000| Untracked 
| 109|0x0000000620000000, 0x0000000620000000, 0x0000000620400000|  0%| F|  |TAMS 0x0000000620000000, 0x0000000620000000| Untracked 
| 110|0x0000000620400000, 0x0000000620400000, 0x0000000620800000|  0%| F|  |TAMS 0x0000000620400000, 0x0000000620400000| Untracked 
| 111|0x0000000620800000, 0x0000000620800000, 0x0000000620c00000|  0%| F|  |TAMS 0x0000000620800000, 0x0000000620800000| Untracked 
| 112|0x0000000620c00000, 0x0000000620c00000, 0x0000000621000000|  0%| F|  |TAMS 0x0000000620c00000, 0x0000000620c00000| Untracked 
| 113|0x0000000621000000, 0x0000000621000000, 0x0000000621400000|  0%| F|  |TAMS 0x0000000621000000, 0x0000000621000000| Untracked 
| 114|0x0000000621400000, 0x0000000621400000, 0x0000000621800000|  0%| F|  |TAMS 0x0000000621400000, 0x0000000621400000| Untracked 
| 115|0x0000000621800000, 0x0000000621800000, 0x0000000621c00000|  0%| F|  |TAMS 0x0000000621800000, 0x0000000621800000| Untracked 
| 116|0x0000000621c00000, 0x0000000621c00000, 0x0000000622000000|  0%| F|  |TAMS 0x0000000621c00000, 0x0000000621c00000| Untracked 
| 117|0x0000000622000000, 0x0000000622000000, 0x0000000622400000|  0%| F|  |TAMS 0x0000000622000000, 0x0000000622000000| Untracked 
| 118|0x0000000622400000, 0x0000000622400000, 0x0000000622800000|  0%| F|  |TAMS 0x0000000622400000, 0x0000000622400000| Untracked 
| 119|0x0000000622800000, 0x0000000622800000, 0x0000000622c00000|  0%| F|  |TAMS 0x0000000622800000, 0x0000000622800000| Untracked 
| 120|0x0000000622c00000, 0x0000000622fbfe48, 0x0000000623000000| 93%| S|CS|TAMS 0x0000000622c00000, 0x0000000622c00000| Complete 
| 121|0x0000000623000000, 0x0000000623000000, 0x0000000623400000|  0%| F|  |TAMS 0x0000000623000000, 0x0000000623000000| Untracked 
| 122|0x0000000623400000, 0x0000000623573580, 0x0000000623800000| 36%| E|  |TAMS 0x0000000623400000, 0x0000000623400000| Complete 
| 123|0x0000000623800000, 0x0000000623c00000, 0x0000000623c00000|100%| E|CS|TAMS 0x0000000623800000, 0x0000000623800000| Complete 
| 124|0x0000000623c00000, 0x0000000624000000, 0x0000000624000000|100%| E|CS|TAMS 0x0000000623c00000, 0x0000000623c00000| Complete 
| 125|0x0000000624000000, 0x0000000624400000, 0x0000000624400000|100%| E|CS|TAMS 0x0000000624000000, 0x0000000624000000| Complete 
| 126|0x0000000624400000, 0x0000000624800000, 0x0000000624800000|100%| E|CS|TAMS 0x0000000624400000, 0x0000000624400000| Complete 

Card table byte_map: [0x0000027475f70000,0x0000027476f50000] _byte_map_base: 0x0000027472f4a000

Marking Bits (Prev, Next): (CMBitMap*) 0x000002747fe408f0, (CMBitMap*) 0x000002747fe40930
 Prev Bits: [0x0000027477f30000, 0x000002747fe00000)
 Next Bits: [0x000002740f000000, 0x0000027416ed0000)

Polling page: 0x000002746ade0000

Metaspace:

Usage:
  Non-class:      6.02 MB used.
      Class:    838.21 KB used.
       Both:      6.84 MB used.

Virtual space:
  Non-class space:       64.00 MB reserved,       6.12 MB ( 10%) committed,  1 nodes.
      Class space:        1.00 GB reserved,     896.00 KB ( <1%) committed,  1 nodes.
             Both:        1.06 GB reserved,       7.00 MB ( <1%) committed. 

Chunk freelists:
   Non-Class:  8.16 MB
       Class:  15.12 MB
        Both:  23.28 MB

MaxMetaspaceSize: unlimited
CompressedClassSpaceSize: 1.00 GB
Initial GC threshold: 21.00 MB
Current GC threshold: 21.00 MB
CDS: on
MetaspaceReclaimPolicy: balanced
 - commit_granule_bytes: 65536.
 - commit_granule_words: 8192.
 - virtual_space_node_default_size: 8388608.
 - enlarge_chunks_in_place: 1.
 - new_chunks_are_fully_committed: 0.
 - uncommit_free_chunks: 1.
 - use_allocation_guard: 0.
 - handle_deallocations: 1.


Internal statistics:

num_allocs_failed_limit: 0.
num_arena_births: 56.
num_arena_deaths: 0.
num_vsnodes_births: 2.
num_vsnodes_deaths: 0.
num_space_committed: 112.
num_space_uncommitted: 0.
num_chunks_returned_to_freelist: 0.
num_chunks_taken_from_freelist: 273.
num_chunk_merges: 0.
num_chunk_splits: 178.
num_chunks_enlarged: 144.
num_inconsistent_stats: 0.

CodeHeap 'non-profiled nmethods': size=120000Kb used=668Kb max_used=668Kb free=119332Kb
 bounds [0x0000027407ad0000, 0x0000027407d40000, 0x000002740f000000]
CodeHeap 'profiled nmethods': size=120000Kb used=2755Kb max_used=2755Kb free=117245Kb
 bounds [0x0000027400000000, 0x00000274002c0000, 0x0000027407530000]
CodeHeap 'non-nmethods': size=5760Kb used=1153Kb max_used=1194Kb free=4607Kb
 bounds [0x0000027407530000, 0x00000274077a0000, 0x0000027407ad0000]
 total_blobs=1891 nmethods=1448 adapters=356
 compilation: enabled
              stopped_count=0, restarted_count=0
 full_count=0

Compilation events (20 events):
Event: 3.755 Thread 0x0000027419a0bcd0 1366   !   3       jdk.internal.loader.BuiltinClassLoader::findMiscResource (122 bytes)
Event: 3.756 Thread 0x0000027419a00ee0 nmethod 1364 0x0000027407b6d590 code [0x0000027407b6d720, 0x0000027407b6d8d8]
Event: 3.756 Thread 0x0000027419a0bcd0 nmethod 1366 0x0000027400284010 code [0x00000274002842c0, 0x00000274002854a8]
Event: 3.756 Thread 0x0000027419a0bcd0 1367   !   3       java.security.AccessController::doPrivileged (22 bytes)
Event: 3.756 Thread 0x0000027419a00ee0 1362       4       jdk.internal.module.ModuleReferenceImpl::hashCode (56 bytes)
Event: 3.756 Thread 0x0000027419a0bcd0 nmethod 1367 0x0000027400285990 code [0x0000027400285b80, 0x0000027400285fc8]
Event: 3.757 Thread 0x0000027419a00ee0 nmethod 1362 0x0000027407b6d990 code [0x0000027407b6db20, 0x0000027407b6dbb8]
Event: 3.758 Thread 0x0000027419a00ee0 1368       4       java.util.jar.JarFile::match (132 bytes)
Event: 3.761 Thread 0x0000027419a0bcd0 1369       3       jdk.internal.loader.BuiltinClassLoader$2::run (5 bytes)
Event: 3.761 Thread 0x0000027419a0bcd0 nmethod 1369 0x0000027400286210 code [0x00000274002863c0, 0x0000027400286508]
Event: 3.762 Thread 0x0000027419a0bcd0 1371       3       java.lang.Long::<init> (10 bytes)
Event: 3.762 Thread 0x0000027419a0bcd0 nmethod 1371 0x0000027400286590 code [0x0000027400286740, 0x0000027400286918]
Event: 3.764 Thread 0x0000027419a00ee0 nmethod 1368 0x0000027407b6dc90 code [0x0000027407b6de20, 0x0000027407b6e158]
Event: 3.764 Thread 0x0000027419a00ee0 1370       4       jdk.internal.loader.BuiltinClassLoader::moduleReaderFor (45 bytes)
Event: 3.765 Thread 0x0000027419a0bcd0 1372       3       com.google.common.cache.LocalCache::expiresAfterWrite (15 bytes)
Event: 3.766 Thread 0x0000027419a0bcd0 nmethod 1372 0x0000027400286a10 code [0x0000027400286ba0, 0x0000027400286d18]
Event: 3.767 Thread 0x0000027419a0bcd0 1374       3       sun.reflect.generics.parser.SignatureParser::mark (9 bytes)
Event: 3.768 Thread 0x0000027419a0bcd0 nmethod 1374 0x0000027400286d90 code [0x0000027400286f20, 0x0000027400287038]
Event: 3.768 Thread 0x0000027419a0bcd0 1375       3       sun.reflect.generics.parser.SignatureParser::markToCurrent (16 bytes)
Event: 3.768 Thread 0x0000027419a0bcd0 nmethod 1375 0x0000027400287110 code [0x00000274002872c0, 0x0000027400287428]

GC Heap History (2 events):
Event: 3.455 GC heap before
{Heap before GC invocations=0 (full 0):
 garbage-first heap   total 520192K, used 24576K [0x0000000604c00000, 0x0000000800000000)
  region size 4096K, 6 young (24576K), 0 survivors (0K)
 Metaspace       used 5443K, committed 5632K, reserved 1114112K
  class space    used 657K, committed 768K, reserved 1048576K
}
Event: 3.460 GC heap after
{Heap after GC invocations=1 (full 0):
 garbage-first heap   total 520192K, used 3839K [0x0000000604c00000, 0x0000000800000000)
  region size 4096K, 1 young (4096K), 1 survivors (4096K)
 Metaspace       used 5443K, committed 5632K, reserved 1114112K
  class space    used 657K, committed 768K, reserved 1048576K
}

Dll operation events (8 events):
Event: 0.008 Loaded shared library C:\Users\USER\AppData\Local\Programs\Eclipse Adoptium\jdk-17.0.17.10-hotspot\bin\java.dll
Event: 2.605 Loaded shared library C:\Users\USER\AppData\Local\Programs\Eclipse Adoptium\jdk-17.0.17.10-hotspot\bin\jsvml.dll
Event: 2.657 Loaded shared library C:\Users\USER\AppData\Local\Programs\Eclipse Adoptium\jdk-17.0.17.10-hotspot\bin\net.dll
Event: 2.660 Loaded shared library C:\Users\USER\AppData\Local\Programs\Eclipse Adoptium\jdk-17.0.17.10-hotspot\bin\nio.dll
Event: 2.665 Loaded shared library C:\Users\USER\AppData\Local\Programs\Eclipse Adoptium\jdk-17.0.17.10-hotspot\bin\zip.dll
Event: 2.830 Loaded shared library C:\Program Files\apache-maven-3.9.12\lib\jansi-native\Windows\x86_64\jansi.dll
Event: 2.831 Loaded shared library C:\Users\USER\AppData\Local\Programs\Eclipse Adoptium\jdk-17.0.17.10-hotspot\bin\jimage.dll
Event: 2.849 Loaded shared library C:\Users\USER\AppData\Local\Programs\Eclipse Adoptium\jdk-17.0.17.10-hotspot\bin\verify.dll

Deoptimization events (20 events):
Event: 3.616 Thread 0x000002746cef7070 DEOPT PACKING pc=0x0000027407b59bb4 sp=0x000000ee6b3fd4f0
Event: 3.616 Thread 0x000002746cef7070 DEOPT UNPACKING pc=0x00000274075869a3 sp=0x000000ee6b3fd478 mode 2
Event: 3.616 Thread 0x000002746cef7070 Uncommon trap: trap_request=0xffffffde fr.pc=0x0000027407b59bb4 relative=0x0000000000000114
Event: 3.616 Thread 0x000002746cef7070 Uncommon trap: reason=class_check action=maybe_recompile pc=0x0000027407b59bb4 method=jdk.internal.misc.Unsafe.allocateUninitializedArray(Ljava/lang/Class;I)Ljava/lang/Object; @ 51 c2
Event: 3.616 Thread 0x000002746cef7070 DEOPT PACKING pc=0x0000027407b59bb4 sp=0x000000ee6b3fd550
Event: 3.616 Thread 0x000002746cef7070 DEOPT UNPACKING pc=0x00000274075869a3 sp=0x000000ee6b3fd4d8 mode 2
Event: 3.616 Thread 0x000002746cef7070 Uncommon trap: trap_request=0xffffffde fr.pc=0x0000027407b59bb4 relative=0x0000000000000114
Event: 3.616 Thread 0x000002746cef7070 Uncommon trap: reason=class_check action=maybe_recompile pc=0x0000027407b59bb4 method=jdk.internal.misc.Unsafe.allocateUninitializedArray(Ljava/lang/Class;I)Ljava/lang/Object; @ 51 c2
Event: 3.616 Thread 0x000002746cef7070 DEOPT PACKING pc=0x0000027407b59bb4 sp=0x000000ee6b3fd220
Event: 3.616 Thread 0x000002746cef7070 DEOPT UNPACKING pc=0x00000274075869a3 sp=0x000000ee6b3fd1a8 mode 2
Event: 3.618 Thread 0x000002746cef7070 Uncommon trap: trap_request=0xffffffde fr.pc=0x0000027407b59bb4 relative=0x0000000000000114
Event: 3.618 Thread 0x000002746cef7070 Uncommon trap: reason=class_check action=maybe_recompile pc=0x0000027407b59bb4 method=jdk.internal.misc.Unsafe.allocateUninitializedArray(Ljava/lang/Class;I)Ljava/lang/Object; @ 51 c2
Event: 3.618 Thread 0x000002746cef7070 DEOPT PACKING pc=0x0000027407b59bb4 sp=0x000000ee6b3fd4f0
Event: 3.619 Thread 0x000002746cef7070 DEOPT UNPACKING pc=0x00000274075869a3 sp=0x000000ee6b3fd478 mode 2
Event: 3.713 Thread 0x000002746cef7070 Uncommon trap: trap_request=0xffffff45 fr.pc=0x0000027407b613d0 relative=0x0000000000000710
Event: 3.713 Thread 0x000002746cef7070 Uncommon trap: reason=unstable_if action=reinterpret pc=0x0000027407b613d0 method=java.lang.String.<init>([CIILjava/lang/Void;)V @ 5 c2
Event: 3.713 Thread 0x000002746cef7070 DEOPT PACKING pc=0x0000027407b613d0 sp=0x000000ee6b3fd840
Event: 3.713 Thread 0x000002746cef7070 DEOPT UNPACKING pc=0x00000274075869a3 sp=0x000000ee6b3fd6e0 mode 2
Event: 3.758 Thread 0x000002746cef7070 DEOPT PACKING pc=0x00000274001f9688 sp=0x000000ee6b3fd9e0
Event: 3.758 Thread 0x000002746cef7070 DEOPT UNPACKING pc=0x0000027407587143 sp=0x000000ee6b3fce50 mode 0

Classes loaded (20 events):
Event: 3.641 Loading class jdk/internal/reflect/ByteVectorImpl
Event: 3.641 Loading class jdk/internal/reflect/ByteVector
Event: 3.641 Loading class jdk/internal/reflect/ByteVector done
Event: 3.641 Loading class jdk/internal/reflect/ByteVectorImpl done
Event: 3.641 Loading class jdk/internal/reflect/ClassFileAssembler
Event: 3.641 Loading class jdk/internal/reflect/ClassFileAssembler done
Event: 3.641 Loading class jdk/internal/reflect/UTF8
Event: 3.641 Loading class jdk/internal/reflect/UTF8 done
Event: 3.642 Loading class jdk/internal/reflect/Label
Event: 3.642 Loading class jdk/internal/reflect/Label done
Event: 3.642 Loading class jdk/internal/reflect/Label$PatchInfo
Event: 3.642 Loading class jdk/internal/reflect/Label$PatchInfo done
Event: 3.642 Loading class jdk/internal/reflect/MethodAccessorGenerator$1
Event: 3.642 Loading class jdk/internal/reflect/MethodAccessorGenerator$1 done
Event: 3.642 Loading class jdk/internal/reflect/ClassDefiner
Event: 3.642 Loading class jdk/internal/reflect/ClassDefiner done
Event: 3.642 Loading class jdk/internal/reflect/ClassDefiner$1
Event: 3.642 Loading class jdk/internal/reflect/ClassDefiner$1 done
Event: 3.642 Loading class jdk/internal/reflect/BootstrapConstructorAccessorImpl
Event: 3.643 Loading class jdk/internal/reflect/BootstrapConstructorAccessorImpl done

Classes unloaded (0 events):
No events

Classes redefined (0 events):
No events

Internal exceptions (20 events):
Event: 2.837 Thread 0x000002746cef7070 Exception <a 'java/lang/NullPointerException'{0x00000006241883d8}> (0x00000006241883d8) 
thrown [s\src\hotspot\share\interpreter\linkResolver.cpp, line 1350]
Event: 2.837 Thread 0x000002746cef7070 Exception <a 'java/lang/NullPointerException'{0x00000006241886b0}> (0x00000006241886b0) 
thrown [s\src\hotspot\share\interpreter\linkResolver.cpp, line 1350]
Event: 2.837 Thread 0x000002746cef7070 Exception <a 'java/lang/NullPointerException'{0x0000000624188988}> (0x0000000624188988) 
thrown [s\src\hotspot\share\interpreter\linkResolver.cpp, line 1350]
Event: 2.839 Thread 0x000002746cef7070 Exception <a 'java/lang/NullPointerException'{0x000000062418f818}> (0x000000062418f818) 
thrown [s\src\hotspot\share\interpreter\linkResolver.cpp, line 1350]
Event: 2.841 Thread 0x000002746cef7070 Exception <a 'java/lang/NullPointerException'{0x00000006241a5d70}> (0x00000006241a5d70) 
thrown [s\src\hotspot\share\interpreter\linkResolver.cpp, line 1350]
Event: 2.841 Thread 0x000002746cef7070 Exception <a 'java/lang/NullPointerException'{0x00000006241a6048}> (0x00000006241a6048) 
thrown [s\src\hotspot\share\interpreter\linkResolver.cpp, line 1350]
Event: 2.841 Thread 0x000002746cef7070 Exception <a 'java/lang/NullPointerException'{0x00000006241a6320}> (0x00000006241a6320) 
thrown [s\src\hotspot\share\interpreter\linkResolver.cpp, line 1350]
Event: 2.841 Thread 0x000002746cef7070 Exception <a 'java/lang/NullPointerException'{0x00000006241a65f8}> (0x00000006241a65f8) 
thrown [s\src\hotspot\share\interpreter\linkResolver.cpp, line 1350]
Event: 2.859 Thread 0x000002746cef7070 Exception <a 'java/lang/NoSuchMethodError'{0x000000062421a930}: 'void java.lang.invoke.DirectMethodHandle$Holder.invokeVirtual(java.lang.Object, java.lang.Object)'> (0x000000062421a930) 
thrown [s\src\hotspot\share\interpreter\linkResolver.cpp, line 759]
Event: 2.861 Thread 0x000002746cef7070 Exception <a 'java/lang/NoSuchMethodError'{0x0000000624237a58}: 'void java.lang.invoke.DirectMethodHandle$Holder.invokeStatic(java.lang.Object, java.lang.Object)'> (0x0000000624237a58) 
thrown [s\src\hotspot\share\interpreter\linkResolver.cpp, line 759]
Event: 2.861 Thread 0x000002746cef7070 Exception <a 'java/lang/NoSuchMethodError'{0x000000062423b058}: 'void java.lang.invoke.DirectMethodHandle$Holder.invokeStaticInit(java.lang.Object, java.lang.Object)'> (0x000000062423b058) 
thrown [s\src\hotspot\share\interpreter\linkResolver.cpp, line 759]
Event: 2.875 Thread 0x000002746cef7070 Exception <a 'java/lang/NoSuchMethodError'{0x0000000624285e18}: 'void java.lang.invoke.DirectMethodHandle$Holder.invokeStatic(java.lang.Object, java.lang.Object, java.lang.Object)'> (0x0000000624285e18) 
thrown [s\src\hotspot\share\interpreter\linkResolver.cpp, line 759]
Event: 2.944 Thread 0x000002746cef7070 Exception <a 'java/lang/NoSuchMethodError'{0x0000000623c23bc0}: 'java.lang.Object java.lang.invoke.DirectMethodHandle$Holder.invokeSpecialIFC(java.lang.Object, java.lang.Object, java.lang.Object, java.lang.Object)'> (0x0000000623c23bc0) 
thrown [s\src\hotspot\share\interpreter\linkResolver.cpp, line 759]
Event: 3.183 Thread 0x000002746cef7070 Exception <a 'java/lang/NoSuchMethodError'{0x0000000623a09e58}: 'void java.lang.invoke.DirectMethodHandle$Holder.invokeSpecial(java.lang.Object, java.lang.Object, java.lang.Object)'> (0x0000000623a09e58) 
thrown [s\src\hotspot\share\interpreter\linkResolver.cpp, line 759]
Event: 3.221 Thread 0x000002746cef7070 Exception <a 'java/lang/NoSuchMethodError'{0x0000000623b69048}: 'java.lang.Object java.lang.invoke.DirectMethodHandle$Holder.invokeInterface(java.lang.Object, java.lang.Object)'> (0x0000000623b69048) 
thrown [s\src\hotspot\share\interpreter\linkResolver.cpp, line 759]
Event: 3.240 Thread 0x000002746cef7070 Exception <a 'java/lang/NoSuchMethodError'{0x0000000623413ea0}: 'java.lang.Object java.lang.invoke.Invokers$Holder.invokeExact_MT(java.lang.Object, java.lang.Object, java.lang.Object, java.lang.Object, java.lang.Object, java.lang.Object)'> (0x0000000623413ea0) 
thrown [s\src\hotspot\share\interpreter\linkResolver.cpp, line 759]
Event: 3.243 Thread 0x000002746cef7070 Exception <a 'java/lang/NoSuchMethodError'{0x0000000623425300}: 'int java.lang.invoke.DirectMethodHandle$Holder.invokeSpecialIFC(java.lang.Object, java.lang.Object, java.lang.Object, java.lang.Object, java.lang.Object)'> (0x0000000623425300) 
thrown [s\src\hotspot\share\interpreter\linkResolver.cpp, line 759]
Event: 3.302 Thread 0x000002746cef7070 Exception <a 'java/lang/NoSuchMethodError'{0x00000006235cd1f8}: 'java.lang.Object java.lang.invoke.DirectMethodHandle$Holder.newInvokeSpecial(java.lang.Object, java.lang.Object, java.lang.Object, java.lang.Object, java.lang.Object)'> (0x00000006235cd1f8) 
thrown [s\src\hotspot\share\interpreter\linkResolver.cpp, line 759]
Event: 3.339 Thread 0x000002746cef7070 Exception <a 'java/lang/NoSuchMethodError'{0x00000006236ed470}: 'int java.lang.invoke.DirectMethodHandle$Holder.invokeStaticInit(java.lang.Object, java.lang.Object)'> (0x00000006236ed470) 
thrown [s\src\hotspot\share\interpreter\linkResolver.cpp, line 759]
Event: 3.349 Thread 0x000002746cef7070 Exception <a 'java/lang/NoClassDefFoundError'{0x0000000623725d68}: javax/enterprise/inject/Typed> (0x0000000623725d68) 
thrown [s\src\hotspot\share\classfile\systemDictionary.cpp, line 245]

VM Operations (14 events):
Event: 2.666 Executing VM operation: HandshakeAllThreads
Event: 2.666 Executing VM operation: HandshakeAllThreads done
Event: 2.821 Executing VM operation: HandshakeAllThreads
Event: 2.821 Executing VM operation: HandshakeAllThreads done
Event: 2.834 Executing VM operation: HandshakeAllThreads
Event: 2.834 Executing VM operation: HandshakeAllThreads done
Event: 2.974 Executing VM operation: HandshakeAllThreads
Event: 2.974 Executing VM operation: HandshakeAllThreads done
Event: 3.409 Executing VM operation: ICBufferFull
Event: 3.409 Executing VM operation: ICBufferFull done
Event: 3.449 Executing VM operation: G1CollectForAllocation
Event: 3.460 Executing VM operation: G1CollectForAllocation done
Event: 4.460 Executing VM operation: Cleanup
Event: 4.460 Executing VM operation: Cleanup done

Memory protections (0 events):
No events

Nmethod flushes (0 events):
No events

Events (16 events):
Event: 2.605 Thread 0x000002746cef7070 Thread added: 0x000002746cef7070
Event: 2.614 Thread 0x000002746cef7070 Thread added: 0x000002747fff7990
Event: 2.614 Thread 0x000002746cef7070 Thread added: 0x000002747fff8460
Event: 2.628 Thread 0x000002746cef7070 Thread added: 0x00000274199fc3a0
Event: 2.628 Thread 0x000002746cef7070 Thread added: 0x00000274199fcc70
Event: 2.628 Thread 0x000002746cef7070 Thread added: 0x00000274199fd540
Event: 2.628 Thread 0x000002746cef7070 Thread added: 0x0000027419a00230
Event: 2.628 Thread 0x000002746cef7070 Thread added: 0x0000027419a00ee0
Event: 2.628 Thread 0x000002746cef7070 Thread added: 0x0000027419a0bcd0
Event: 2.628 Thread 0x000002746cef7070 Thread added: 0x0000027419a2c800
Event: 2.648 Thread 0x000002746cef7070 Thread added: 0x0000027419b8de70
Event: 2.652 Thread 0x000002746cef7070 Thread added: 0x0000027419ba4a80
Event: 2.826 Thread 0x000002746cef7070 Thread added: 0x0000027419d60ac0
Event: 2.972 Thread 0x0000027419d60ac0 Thread exited: 0x0000027419d60ac0
Event: 2.993 Thread 0x0000027419a0bcd0 Thread added: 0x000002745f518c20
Event: 3.395 Thread 0x0000027419a0bcd0 Thread added: 0x000002745f674130


Dynamic libraries:
0x00007ff636fd0000 - 0x00007ff636fde000 	C:\Users\USER\AppData\Local\Programs\Eclipse Adoptium\jdk-17.0.17.10-hotspot\bin\java.exe
0x00007ffeb0460000 - 0x00007ffeb06c7000 	C:\WINDOWS\SYSTEM32\ntdll.dll
0x00007ffe6f3d0000 - 0x00007ffe6f3f1000 	C:\Program Files\Avast Software\Avast\aswhook.dll
0x00007ffeaefb0000 - 0x00007ffeaf079000 	C:\WINDOWS\System32\KERNEL32.DLL
0x00007ffead5e0000 - 0x00007ffead9cf000 	C:\WINDOWS\System32\KERNELBASE.dll
0x00007ffeadcd0000 - 0x00007ffeade1b000 	C:\WINDOWS\System32\ucrtbase.dll
0x00007ffe3cc20000 - 0x00007ffe3cc3e000 	C:\Users\USER\AppData\Local\Programs\Eclipse Adoptium\jdk-17.0.17.10-hotspot\bin\VCRUNTIME140.dll
0x00007ffe3c200000 - 0x00007ffe3c218000 	C:\Users\USER\AppData\Local\Programs\Eclipse Adoptium\jdk-17.0.17.10-hotspot\bin\jli.dll
0x00007ffeae430000 - 0x00007ffeae5f5000 	C:\WINDOWS\System32\USER32.dll
0x00007ffead5b0000 - 0x00007ffead5d7000 	C:\WINDOWS\System32\win32u.dll
0x00007ffeae7c0000 - 0x00007ffeae7eb000 	C:\WINDOWS\System32\GDI32.dll
0x00007ffe85590000 - 0x00007ffe85823000 	C:\WINDOWS\WinSxS\amd64_microsoft.windows.common-controls_6595b64144ccf1df_6.0.26100.7309_none_3e05feeae336a044\COMCTL32.dll
0x00007ffeade20000 - 0x00007ffeadf4c000 	C:\WINDOWS\System32\gdi32full.dll
0x00007ffeafe60000 - 0x00007ffeaff09000 	C:\WINDOWS\System32\msvcrt.dll
0x00007ffeae150000 - 0x00007ffeae1f3000 	C:\WINDOWS\System32\msvcp_win.dll
0x00007ffeafe20000 - 0x00007ffeafe51000 	C:\WINDOWS\System32\IMM32.DLL
0x000000006d320000 - 0x000000006d32c000 	C:\Program Files (x86)\360\Total Security\safemon\SafeWrapper.dll
0x00007ffeaed00000 - 0x00007ffeaedb4000 	C:\WINDOWS\System32\ADVAPI32.dll
0x00007ffeaff90000 - 0x00007ffeb0036000 	C:\WINDOWS\System32\sechost.dll
0x00007ffeaedd0000 - 0x00007ffeaeee8000 	C:\WINDOWS\System32\RPCRT4.dll
0x00007ffe1af00000 - 0x00007ffe1afac000 	C:\Program Files (x86)\360\Total Security\safemon\libzdtp64.dll
0x00007ffeaf0e0000 - 0x00007ffeaf833000 	C:\WINDOWS\System32\SHELL32.dll
0x00007ffeadb60000 - 0x00007ffeadcca000 	C:\WINDOWS\System32\wintypes.dll
0x00007ffeae810000 - 0x00007ffeaeb95000 	C:\WINDOWS\System32\combase.dll
0x00007ffeaff10000 - 0x00007ffeaff76000 	C:\WINDOWS\System32\SHLWAPI.dll
0x00007ffeace90000 - 0x00007ffeace9b000 	C:\WINDOWS\SYSTEM32\VERSION.dll
0x00007ffe7b9a0000 - 0x00007ffe7b9ac000 	C:\Users\USER\AppData\Local\Programs\Eclipse Adoptium\jdk-17.0.17.10-hotspot\bin\vcruntime140_1.dll
0x00007ffe3b9c0000 - 0x00007ffe3ba4d000 	C:\Users\USER\AppData\Local\Programs\Eclipse Adoptium\jdk-17.0.17.10-hotspot\bin\msvcp140.dll
0x00007ffe29580000 - 0x00007ffe2a1eb000 	C:\Users\USER\AppData\Local\Programs\Eclipse Adoptium\jdk-17.0.17.10-hotspot\bin\server\jvm.dll
0x00007ffeaef30000 - 0x00007ffeaefa4000 	C:\WINDOWS\System32\WS2_32.dll
0x00007ffead430000 - 0x00007ffead48e000 	C:\WINDOWS\SYSTEM32\POWRPROF.dll
0x00007ffea6f10000 - 0x00007ffea6f45000 	C:\WINDOWS\SYSTEM32\WINMM.dll
0x00007ffead410000 - 0x00007ffead424000 	C:\WINDOWS\SYSTEM32\UMPDC.dll
0x00007ffeac2b0000 - 0x00007ffeac2cb000 	C:\WINDOWS\SYSTEM32\kernel.appcore.dll
0x00007ffe62480000 - 0x00007ffe6248a000 	C:\Users\USER\AppData\Local\Programs\Eclipse Adoptium\jdk-17.0.17.10-hotspot\bin\jimage.dll
0x00007ffeaab40000 - 0x00007ffeaad82000 	C:\WINDOWS\SYSTEM32\DBGHELP.DLL
0x00007ffeaeba0000 - 0x00007ffeaec76000 	C:\WINDOWS\System32\OLEAUT32.dll
0x00007ffe9e730000 - 0x00007ffe9e76c000 	C:\WINDOWS\SYSTEM32\dbgcore.DLL
0x00007ffeae0a0000 - 0x00007ffeae145000 	C:\WINDOWS\System32\bcryptPrimitives.dll
0x00007ffe3bc60000 - 0x00007ffe3bc85000 	C:\Users\USER\AppData\Local\Programs\Eclipse Adoptium\jdk-17.0.17.10-hotspot\bin\java.dll
0x00007ffe3b640000 - 0x00007ffe3b717000 	C:\Users\USER\AppData\Local\Programs\Eclipse Adoptium\jdk-17.0.17.10-hotspot\bin\jsvml.dll
0x00007ffeab100000 - 0x00007ffeab95e000 	C:\WINDOWS\SYSTEM32\windows.storage.dll
0x00007ffeae6c0000 - 0x00007ffeae7b5000 	C:\WINDOWS\System32\SHCORE.dll
0x00007ffead4d0000 - 0x00007ffead4f9000 	C:\WINDOWS\SYSTEM32\profapi.dll
0x00007ffe3c1e0000 - 0x00007ffe3c1fa000 	C:\Users\USER\AppData\Local\Programs\Eclipse Adoptium\jdk-17.0.17.10-hotspot\bin\net.dll
0x00007ffea4ea0000 - 0x00007ffea4fc8000 	C:\WINDOWS\SYSTEM32\WINHTTP.dll
0x00007ffeac800000 - 0x00007ffeac86b000 	C:\WINDOWS\system32\mswsock.dll
0x00007ffe3b9a0000 - 0x00007ffe3b9b6000 	C:\Users\USER\AppData\Local\Programs\Eclipse Adoptium\jdk-17.0.17.10-hotspot\bin\nio.dll
0x00007ffe3b980000 - 0x00007ffe3b998000 	C:\Users\USER\AppData\Local\Programs\Eclipse Adoptium\jdk-17.0.17.10-hotspot\bin\zip.dll
0x00007ffe3b880000 - 0x00007ffe3b8a4000 	C:\Program Files\apache-maven-3.9.12\lib\jansi-native\Windows\x86_64\jansi.dll
0x00007ffe86280000 - 0x00007ffe86290000 	C:\Users\USER\AppData\Local\Programs\Eclipse Adoptium\jdk-17.0.17.10-hotspot\bin\verify.dll

dbghelp: loaded successfully - version: 4.0.5 - missing functions: none
symbol engine: initialized successfully - sym options: 0x614 - pdb path: .;C:\Users\USER\AppData\Local\Programs\Eclipse Adoptium\jdk-17.0.17.10-hotspot\bin;C:\WINDOWS\SYSTEM32;C:\Program Files\Avast Software\Avast;C:\WINDOWS\WinSxS\amd64_microsoft.windows.common-controls_6595b64144ccf1df_6.0.26100.7309_none_3e05feeae336a044;C:\Program Files (x86)\360\Total Security\safemon;C:\Users\USER\AppData\Local\Programs\Eclipse Adoptium\jdk-17.0.17.10-hotspot\bin\server;C:\Program Files\apache-maven-3.9.12\lib\jansi-native\Windows\x86_64

VM Arguments:
jvm_args: -Dclassworlds.conf=C:\Program Files\apache-maven-3.9.12\bin\m2.conf -Dmaven.home=C:\Program Files\apache-maven-3.9.12 -Dlibrary.jansi.path=C:\Program Files\apache-maven-3.9.12\lib\jansi-native -Dmaven.multiModuleProjectDirectory=F:\Pharma_backend-ahmed\user 
java_command: org.codehaus.plexus.classworlds.launcher.Launcher spring-boot:run
java_class_path (initial): C:\Program Files\apache-maven-3.9.12\boot\plexus-classworlds-2.9.0.jar
Launcher Type: SUN_STANDARD

[Global flags]
     intx CICompilerCount                          = 4                                         {product} {ergonomic}
     uint ConcGCThreads                            = 3                                         {product} {ergonomic}
     uint G1ConcRefinementThreads                  = 10                                        {product} {ergonomic}
   size_t G1HeapRegionSize                         = 4194304                                   {product} {ergonomic}
    uintx GCDrainStackTargetSize                   = 64                                        {product} {ergonomic}
   size_t InitialHeapSize                          = 532676608                                 {product} {ergonomic}
   size_t MarkStackSize                            = 4194304                                   {product} {ergonomic}
   size_t MaxHeapSize                              = 8510242816                                {product} {ergonomic}
   size_t MaxNewSize                               = 5104467968                                {product} {ergonomic}
   size_t MinHeapDeltaBytes                        = 4194304                                   {product} {ergonomic}
   size_t MinHeapSize                              = 8388608                                   {product} {ergonomic}
    uintx NonNMethodCodeHeapSize                   = 5839372                                {pd product} {ergonomic}
    uintx NonProfiledCodeHeapSize                  = 122909434                              {pd product} {ergonomic}
    uintx ProfiledCodeHeapSize                     = 122909434                              {pd product} {ergonomic}
    uintx ReservedCodeCacheSize                    = 251658240                              {pd product} {ergonomic}
     bool SegmentedCodeCache                       = true                                      {product} {ergonomic}
   size_t SoftMaxHeapSize                          = 8510242816                             {manageable} {ergonomic}
     bool UseCompressedClassPointers               = true                           {product lp64_product} {ergonomic}
     bool UseCompressedOops                        = true                           {product lp64_product} {ergonomic}
     bool UseG1GC                                  = true                                      {product} {ergonomic}
     bool UseLargePagesIndividualAllocation        = false                                  {pd product} {ergonomic}

Logging:
Log output configuration:
 #0: stdout all=warning uptime,level,tags
 #1: stderr all=off uptime,level,tags

Environment Variables:
JAVA_HOME=C:\Users\USER\AppData\Local\Programs\Eclipse Adoptium\jdk-17.0.17.10-hotspot\
PATH=C:\app\USER\product\21c\dbhomeXE\bin;C:\WINDOWS\system32;C:\WINDOWS;C:\WINDOWS\System32\Wbem;C:\WINDOWS\System32\WindowsPowerShell\v1.0\;C:\WINDOWS\System32\OpenSSH\;C:\Program Files\dotnet\;C:\Program Files\gnuplot\bin;C:\Windows\System32;C:\mingw64\bin;C:\Program Files\Eclipse Adoptium\jdk-17.0.17.10-hotspot\bin;C:\Program Files\nodejs\;C:\Program Files\Git\cmd;C:\Program Files\Terraform;C:\Program Files\Microsoft SQL Server\170\Tools\Binn\;C:\Program Files\Microsoft SQL Server\Client SDK\ODBC\170\Tools\Binn\;F:\C_disque\flutter\bin;C:\Program Files\apache-maven-3.9.12\bin;C:\Program Files\Docker\Docker\resources\bin;C:\Program Files\PuTTY\;C:\Users\USER\AppData\Local\Programs\Eclipse Adoptium\jdk-17.0.17.10-hotspot\bin;C:\Program Files\MySQL\MySQL Shell 8.0\bin\;C:\Program Files\MySQL\MySQL Server 8.0\bin;C:\Users\USER\AppData\Local\Programs\Python\Python313\Scripts\;C:\Users\USER\AppData\Local\Programs\Python\Python313\;C:\Users\USER\AppData\Local\Microsoft\WindowsApps;C:\Users\USER\AppData\Local\Programs\Microsoft VS Code\bin;C:\wildfly-38.0.0.Final\bin;C:\Users\USER\AppData\Roaming\npm;C:\Users\USER\AppData\Local\Android\Sdk\platform-tools;F:\IntelliJ IDEA 2025.3.2\bin;C:\Users\USER\.dotnet\tools
USERNAME=USER
OS=Windows_NT
PROCESSOR_IDENTIFIER=Intel64 Family 6 Model 186 Stepping 3, GenuineIntel
TMP=C:\Users\USER\AppData\Local\Temp
TEMP=C:\Users\USER\AppData\Local\Temp



Periodic native trim disabled


---------------  S Y S T E M  ---------------

OS:
 Windows 11 , 64 bit Build 26100 (10.0.26100.7309)
OS uptime: 0 days 0:32 hours
Hyper-V role detected

CPU: total 12 (initial active 12) (6 cores per cpu, 2 threads per core) family 6 model 186 stepping 3 microcode 0x4128, cx8, cmov, fxsr, ht, mmx, 3dnowpref, sse, sse2, sse3, ssse3, sse4.1, sse4.2, popcnt, lzcnt, tsc, tscinvbit, avx, avx2, aes, erms, clmul, bmi1, bmi2, adx, sha, fma, vzeroupper, clflush, clflushopt, clwb, hv
Processor Information for processor 0
  Max Mhz: 1700, Current Mhz: 1700, Mhz Limit: 1700
Processor Information for processor 1
  Max Mhz: 1700, Current Mhz: 1700, Mhz Limit: 1700
Processor Information for processor 2
  Max Mhz: 1700, Current Mhz: 1700, Mhz Limit: 1700
Processor Information for processor 3
  Max Mhz: 1700, Current Mhz: 1700, Mhz Limit: 1700
Processor Information for processor 4
  Max Mhz: 1700, Current Mhz: 1700, Mhz Limit: 1700
Processor Information for processor 5
  Max Mhz: 1700, Current Mhz: 1700, Mhz Limit: 1700
Processor Information for processor 6
  Max Mhz: 1700, Current Mhz: 1700, Mhz Limit: 1700
Processor Information for processor 7
  Max Mhz: 1700, Current Mhz: 1700, Mhz Limit: 1700
Processor Information for processor 8
  Max Mhz: 1700, Current Mhz: 1558, Mhz Limit: 1700
Processor Information for processor 9
  Max Mhz: 1700, Current Mhz: 1700, Mhz Limit: 1700
Processor Information for processor 10
  Max Mhz: 1700, Current Mhz: 1700, Mhz Limit: 1700
Processor Information for processor 11
  Max Mhz: 1700, Current Mhz: 1700, Mhz Limit: 1700

Memory: 4k page, system-wide physical 32452M (3373M free)
TotalPageFile size 36548M (AvailPageFile size 2M)
current process WorkingSet (physical memory assigned to process): 97M, peak: 97M
current process commit charge ("private bytes"): 637M, peak: 638M

vm_info: OpenJDK 64-Bit Server VM (17.0.17+10) for windows-amd64 JRE (17.0.17+10), built on Oct 21 2025 23:25:32 by "admin" with unknown MS VC++:1942

END.
